2025-12-26 11:45:43,376 - broker - INFO - Using PRODUCTION environment
2025-12-26 11:45:44,390 - __main__ - INFO - ============================================================
2025-12-26 11:45:46,676 - __main__ - INFO - =======================fitting strategy==========================
2025-12-26 11:46:13,887 - broker - INFO - Using PRODUCTION environment
2025-12-26 11:46:14,910 - __main__ - INFO - ============================================================
2025-12-26 11:46:16,932 - __main__ - INFO - =======================fitting strategy==========================
2025-12-26 11:59:26,852 - broker - INFO - Using PRODUCTION environment
2025-12-26 11:59:28,127 - __main__ - INFO - ============================================================
2025-12-26 11:59:28,130 - __main__ - INFO - Loading data from 2025-11-01 00:00:00 to 2025-12-26 11:59:28.130473
2025-12-26 11:59:30,073 - __main__ - INFO - Loading data from 2025-11-02 00:00:00 to 2025-12-26 11:59:28.130473
2025-12-26 11:59:31,031 - __main__ - INFO - Loading data from 2025-11-03 00:00:00 to 2025-12-26 11:59:28.130473
2025-12-26 11:59:32,041 - __main__ - INFO - Loading data from 2025-11-04 00:00:00 to 2025-12-26 11:59:28.130473
2025-12-26 11:59:33,018 - __main__ - INFO - Loading data from 2025-11-05 00:00:00 to 2025-12-26 11:59:28.130473
2025-12-26 11:59:34,093 - __main__ - INFO - Loading data from 2025-11-06 00:00:00 to 2025-12-26 11:59:28.130473
2025-12-26 11:59:35,052 - __main__ - INFO - Loading data from 2025-11-07 00:00:00 to 2025-12-26 11:59:28.130473
2025-12-26 11:59:36,039 - __main__ - INFO - Loading data from 2025-11-08 00:00:00 to 2025-12-26 11:59:28.130473
2025-12-26 11:59:36,993 - __main__ - INFO - Loading data from 2025-11-09 00:00:00 to 2025-12-26 11:59:28.130473
2025-12-26 11:59:38,089 - __main__ - INFO - Loading data from 2025-11-10 00:00:00 to 2025-12-26 11:59:28.130473
2025-12-26 11:59:39,105 - __main__ - INFO - Loading data from 2025-11-11 00:00:00 to 2025-12-26 11:59:28.130473
2025-12-26 11:59:40,133 - __main__ - INFO - Loading data from 2025-11-12 00:00:00 to 2025-12-26 11:59:28.130473
2025-12-26 11:59:41,115 - __main__ - INFO - Loading data from 2025-11-13 00:00:00 to 2025-12-26 11:59:28.130473
2025-12-26 11:59:42,099 - __main__ - INFO - Loading data from 2025-11-14 00:00:00 to 2025-12-26 11:59:28.130473
2025-12-26 11:59:43,104 - __main__ - INFO - Loading data from 2025-11-15 00:00:00 to 2025-12-26 11:59:28.130473
2025-12-26 11:59:44,055 - __main__ - INFO - Loading data from 2025-11-16 00:00:00 to 2025-12-26 11:59:28.130473
2025-12-26 11:59:44,996 - __main__ - INFO - Loading data from 2025-11-17 00:00:00 to 2025-12-26 11:59:28.130473
2025-12-26 11:59:45,961 - __main__ - INFO - Loading data from 2025-11-18 00:00:00 to 2025-12-26 11:59:28.130473
2025-12-26 11:59:46,999 - __main__ - INFO - Loading data from 2025-11-19 00:00:00 to 2025-12-26 11:59:28.130473
2025-12-26 11:59:47,993 - __main__ - INFO - Loading data from 2025-11-20 00:00:00 to 2025-12-26 11:59:28.130473
2025-12-26 11:59:48,965 - __main__ - INFO - Loading data from 2025-11-21 00:00:00 to 2025-12-26 11:59:28.130473
2025-12-26 11:59:50,317 - __main__ - INFO - Loading data from 2025-11-22 00:00:00 to 2025-12-26 11:59:28.130473
2025-12-26 11:59:51,281 - __main__ - INFO - Loading data from 2025-11-23 00:00:00 to 2025-12-26 11:59:28.130473
2025-12-26 11:59:52,423 - __main__ - INFO - Loading data from 2025-11-24 00:00:00 to 2025-12-26 11:59:28.130473
2025-12-26 11:59:53,419 - __main__ - INFO - Loading data from 2025-11-25 00:00:00 to 2025-12-26 11:59:28.130473
2025-12-26 11:59:54,473 - __main__ - INFO - Loading data from 2025-11-26 00:00:00 to 2025-12-26 11:59:28.130473
2025-12-26 11:59:55,492 - __main__ - INFO - Loading data from 2025-11-27 00:00:00 to 2025-12-26 11:59:28.130473
2025-12-26 11:59:56,524 - __main__ - INFO - Loading data from 2025-11-28 00:00:00 to 2025-12-26 11:59:28.130473
2025-12-26 11:59:57,586 - __main__ - INFO - Loading data from 2025-11-29 00:00:00 to 2025-12-26 11:59:28.130473
2025-12-26 11:59:58,539 - __main__ - INFO - Loading data from 2025-11-30 00:00:00 to 2025-12-26 11:59:28.130473
2025-12-26 11:59:59,591 - __main__ - INFO - Loading data from 2025-12-01 00:00:00 to 2025-12-26 11:59:28.130473
2025-12-26 12:00:00,613 - __main__ - INFO - Loading data from 2025-12-02 00:00:00 to 2025-12-26 11:59:28.130473
2025-12-26 12:00:01,971 - __main__ - INFO - Loading data from 2025-12-03 00:00:00 to 2025-12-26 11:59:28.130473
2025-12-26 12:00:03,070 - __main__ - INFO - Loading data from 2025-12-04 00:00:00 to 2025-12-26 11:59:28.130473
2025-12-26 12:00:04,095 - __main__ - INFO - Loading data from 2025-12-05 00:00:00 to 2025-12-26 11:59:28.130473
2025-12-26 12:00:05,126 - __main__ - INFO - Loading data from 2025-12-06 00:00:00 to 2025-12-26 11:59:28.130473
2025-12-26 12:00:06,143 - __main__ - INFO - Loading data from 2025-12-07 00:00:00 to 2025-12-26 11:59:28.130473
2025-12-26 12:00:07,476 - __main__ - INFO - Loading data from 2025-12-08 00:00:00 to 2025-12-26 11:59:28.130473
2025-12-26 12:00:08,502 - __main__ - INFO - Loading data from 2025-12-09 00:00:00 to 2025-12-26 11:59:28.130473
2025-12-26 12:00:09,467 - __main__ - INFO - Loading data from 2025-12-10 00:00:00 to 2025-12-26 11:59:28.130473
2025-12-26 12:00:10,431 - __main__ - INFO - Loading data from 2025-12-11 00:00:00 to 2025-12-26 11:59:28.130473
2025-12-26 12:00:11,382 - __main__ - INFO - Loading data from 2025-12-12 00:00:00 to 2025-12-26 11:59:28.130473
2025-12-26 12:00:12,349 - __main__ - INFO - Loading data from 2025-12-13 00:00:00 to 2025-12-26 11:59:28.130473
2025-12-26 12:00:13,420 - __main__ - INFO - Loading data from 2025-12-14 00:00:00 to 2025-12-26 11:59:28.130473
2025-12-26 12:00:14,438 - __main__ - INFO - Loading data from 2025-12-15 00:00:00 to 2025-12-26 11:59:28.130473
2025-12-26 12:00:15,463 - __main__ - INFO - Loading data from 2025-12-16 00:00:00 to 2025-12-26 11:59:28.130473
2025-12-26 12:00:16,436 - __main__ - INFO - Loading data from 2025-12-17 00:00:00 to 2025-12-26 11:59:28.130473
2025-12-26 12:00:17,417 - __main__ - INFO - Loading data from 2025-12-18 00:00:00 to 2025-12-26 11:59:28.130473
2025-12-26 12:00:18,416 - __main__ - INFO - Loading data from 2025-12-19 00:00:00 to 2025-12-26 11:59:28.130473
2025-12-26 12:00:19,387 - __main__ - INFO - Loading data from 2025-12-20 00:00:00 to 2025-12-26 11:59:28.130473
2025-12-26 12:00:20,378 - __main__ - INFO - Loading data from 2025-12-21 00:00:00 to 2025-12-26 11:59:28.130473
2025-12-26 12:00:21,348 - __main__ - INFO - Loading data from 2025-12-22 00:00:00 to 2025-12-26 11:59:28.130473
2025-12-26 12:00:22,328 - __main__ - INFO - Loading data from 2025-12-23 00:00:00 to 2025-12-26 11:59:28.130473
2025-12-26 12:00:23,320 - __main__ - INFO - Loading data from 2025-12-24 00:00:00 to 2025-12-26 11:59:28.130473
2025-12-26 12:00:24,269 - __main__ - INFO - Loading data from 2025-12-25 00:00:00 to 2025-12-26 11:59:28.130473
2025-12-26 12:00:25,293 - __main__ - INFO - Loading data from 2025-12-26 00:00:00 to 2025-12-26 11:59:28.130473
2025-12-26 12:04:24,556 - broker - INFO - Using PRODUCTION environment
2025-12-26 12:04:25,419 - __main__ - INFO - ============================================================
2025-12-26 12:04:25,420 - __main__ - INFO - Loading data from 2025-11-01 00:00:00 to 2025-12-26 12:04:25.420429
2025-12-26 12:04:27,118 - __main__ - INFO - Loading data from 2025-11-02 00:00:00 to 2025-12-26 12:04:25.420429
2025-12-26 12:04:28,223 - __main__ - INFO - Loading data from 2025-11-03 00:00:00 to 2025-12-26 12:04:25.420429
2025-12-26 12:04:29,476 - __main__ - INFO - Loading data from 2025-11-04 00:00:00 to 2025-12-26 12:04:25.420429
2025-12-26 12:04:30,499 - __main__ - INFO - Loading data from 2025-11-05 00:00:00 to 2025-12-26 12:04:25.420429
2025-12-26 12:04:31,493 - __main__ - INFO - Loading data from 2025-11-06 00:00:00 to 2025-12-26 12:04:25.420429
2025-12-26 12:04:32,477 - __main__ - INFO - Loading data from 2025-11-07 00:00:00 to 2025-12-26 12:04:25.420429
2025-12-26 12:04:33,604 - __main__ - INFO - Loading data from 2025-11-08 00:00:00 to 2025-12-26 12:04:25.420429
2025-12-26 12:04:34,662 - __main__ - INFO - Loading data from 2025-11-09 00:00:00 to 2025-12-26 12:04:25.420429
2025-12-26 12:04:35,673 - __main__ - INFO - Loading data from 2025-11-10 00:00:00 to 2025-12-26 12:04:25.420429
2025-12-26 12:04:37,063 - __main__ - INFO - Loading data from 2025-11-11 00:00:00 to 2025-12-26 12:04:25.420429
2025-12-26 12:04:38,451 - __main__ - INFO - Loading data from 2025-11-12 00:00:00 to 2025-12-26 12:04:25.420429
2025-12-26 12:04:39,835 - __main__ - INFO - Loading data from 2025-11-13 00:00:00 to 2025-12-26 12:04:25.420429
2025-12-26 12:04:41,169 - __main__ - INFO - Loading data from 2025-11-14 00:00:00 to 2025-12-26 12:04:25.420429
2025-12-26 12:04:42,219 - __main__ - INFO - Loading data from 2025-11-15 00:00:00 to 2025-12-26 12:04:25.420429
2025-12-26 12:04:43,259 - __main__ - INFO - Loading data from 2025-11-16 00:00:00 to 2025-12-26 12:04:25.420429
2025-12-26 12:04:44,240 - __main__ - INFO - Loading data from 2025-11-17 00:00:00 to 2025-12-26 12:04:25.420429
2025-12-26 12:04:45,221 - __main__ - INFO - Loading data from 2025-11-18 00:00:00 to 2025-12-26 12:04:25.420429
2025-12-26 12:04:46,328 - __main__ - INFO - Loading data from 2025-11-19 00:00:00 to 2025-12-26 12:04:25.420429
2025-12-26 12:04:47,294 - __main__ - INFO - Loading data from 2025-11-20 00:00:00 to 2025-12-26 12:04:25.420429
2025-12-26 12:04:48,779 - __main__ - INFO - Loading data from 2025-11-21 00:00:00 to 2025-12-26 12:04:25.420429
2025-12-26 12:04:49,782 - __main__ - INFO - Loading data from 2025-11-22 00:00:00 to 2025-12-26 12:04:25.420429
2025-12-26 12:04:50,779 - __main__ - INFO - Loading data from 2025-11-23 00:00:00 to 2025-12-26 12:04:25.420429
2025-12-26 12:04:52,568 - __main__ - INFO - Loading data from 2025-11-24 00:00:00 to 2025-12-26 12:04:25.420429
2025-12-26 12:04:53,585 - __main__ - INFO - Loading data from 2025-11-25 00:00:00 to 2025-12-26 12:04:25.420429
2025-12-26 12:04:54,615 - __main__ - INFO - Loading data from 2025-11-26 00:00:00 to 2025-12-26 12:04:25.420429
2025-12-26 12:04:55,600 - __main__ - INFO - Loading data from 2025-11-27 00:00:00 to 2025-12-26 12:04:25.420429
2025-12-26 12:04:56,766 - __main__ - INFO - Loading data from 2025-11-28 00:00:00 to 2025-12-26 12:04:25.420429
2025-12-26 12:04:58,243 - __main__ - INFO - Loading data from 2025-11-29 00:00:00 to 2025-12-26 12:04:25.420429
2025-12-26 12:04:59,676 - __main__ - INFO - Loading data from 2025-11-30 00:00:00 to 2025-12-26 12:04:25.420429
2025-12-26 12:05:01,070 - __main__ - INFO - Loading data from 2025-12-01 00:00:00 to 2025-12-26 12:04:25.420429
2025-12-26 12:05:02,095 - __main__ - INFO - Loading data from 2025-12-02 00:00:00 to 2025-12-26 12:04:25.420429
2025-12-26 12:05:03,223 - __main__ - INFO - Loading data from 2025-12-03 00:00:00 to 2025-12-26 12:04:25.420429
2025-12-26 12:05:04,415 - __main__ - INFO - Loading data from 2025-12-04 00:00:00 to 2025-12-26 12:04:25.420429
2025-12-26 12:05:05,482 - __main__ - INFO - Loading data from 2025-12-05 00:00:00 to 2025-12-26 12:04:25.420429
2025-12-26 12:05:06,645 - __main__ - INFO - Loading data from 2025-12-06 00:00:00 to 2025-12-26 12:04:25.420429
2025-12-26 12:05:07,711 - __main__ - INFO - Loading data from 2025-12-07 00:00:00 to 2025-12-26 12:04:25.420429
2025-12-26 12:05:08,855 - __main__ - INFO - Loading data from 2025-12-08 00:00:00 to 2025-12-26 12:04:25.420429
2025-12-26 12:05:09,999 - __main__ - INFO - Loading data from 2025-12-09 00:00:00 to 2025-12-26 12:04:25.420429
2025-12-26 12:05:10,979 - __main__ - INFO - Loading data from 2025-12-10 00:00:00 to 2025-12-26 12:04:25.420429
2025-12-26 12:05:12,019 - __main__ - INFO - Loading data from 2025-12-11 00:00:00 to 2025-12-26 12:04:25.420429
2025-12-26 12:05:13,462 - __main__ - INFO - Loading data from 2025-12-12 00:00:00 to 2025-12-26 12:04:25.420429
2025-12-26 12:05:14,583 - __main__ - INFO - Loading data from 2025-12-13 00:00:00 to 2025-12-26 12:04:25.420429
2025-12-26 12:05:16,011 - __main__ - INFO - Loading data from 2025-12-14 00:00:00 to 2025-12-26 12:04:25.420429
2025-12-26 12:05:17,123 - __main__ - INFO - Loading data from 2025-12-15 00:00:00 to 2025-12-26 12:04:25.420429
2025-12-26 12:05:18,271 - __main__ - INFO - Loading data from 2025-12-16 00:00:00 to 2025-12-26 12:04:25.420429
2025-12-26 12:05:19,320 - __main__ - INFO - Loading data from 2025-12-17 00:00:00 to 2025-12-26 12:04:25.420429
2025-12-26 12:05:20,423 - __main__ - INFO - Loading data from 2025-12-18 00:00:00 to 2025-12-26 12:04:25.420429
2025-12-26 12:05:21,528 - __main__ - INFO - Loading data from 2025-12-19 00:00:00 to 2025-12-26 12:04:25.420429
2025-12-26 12:05:22,976 - __main__ - INFO - Loading data from 2025-12-20 00:00:00 to 2025-12-26 12:04:25.420429
2025-12-26 12:05:24,002 - __main__ - INFO - Loading data from 2025-12-21 00:00:00 to 2025-12-26 12:04:25.420429
2025-12-26 12:05:25,035 - __main__ - INFO - Loading data from 2025-12-22 00:00:00 to 2025-12-26 12:04:25.420429
2025-12-26 12:05:26,152 - __main__ - INFO - Loading data from 2025-12-23 00:00:00 to 2025-12-26 12:04:25.420429
2025-12-26 12:05:27,276 - __main__ - INFO - Loading data from 2025-12-24 00:00:00 to 2025-12-26 12:04:25.420429
2025-12-26 12:05:28,381 - __main__ - INFO - Loading data from 2025-12-25 00:00:00 to 2025-12-26 12:04:25.420429
2025-12-26 12:05:29,529 - __main__ - INFO - Loading data from 2025-12-26 00:00:00 to 2025-12-26 12:04:25.420429
2025-12-26 12:05:42,633 - broker - INFO - Using PRODUCTION environment
2025-12-26 12:05:44,164 - __main__ - INFO - ============================================================
2025-12-26 12:05:44,164 - __main__ - INFO - Loading data for 2025-11-01 00:00:00
2025-12-26 12:05:46,052 - __main__ - INFO - Loading data for 2025-11-02 00:00:00
2025-12-26 12:05:47,047 - __main__ - INFO - Loading data for 2025-11-03 00:00:00
2025-12-26 12:05:48,065 - __main__ - INFO - Loading data for 2025-11-04 00:00:00
2025-12-26 12:05:49,022 - __main__ - INFO - Loading data for 2025-11-05 00:00:00
2025-12-26 12:05:50,124 - __main__ - INFO - Loading data for 2025-11-06 00:00:00
2025-12-26 12:05:51,107 - __main__ - INFO - Loading data for 2025-11-07 00:00:00
2025-12-26 12:05:52,096 - __main__ - INFO - Loading data for 2025-11-08 00:00:00
2025-12-26 12:05:53,078 - __main__ - INFO - Loading data for 2025-11-09 00:00:00
2025-12-26 12:05:54,103 - __main__ - INFO - Loading data for 2025-11-10 00:00:00
2025-12-26 12:05:55,076 - __main__ - INFO - Loading data for 2025-11-11 00:00:00
2025-12-26 12:05:56,064 - __main__ - INFO - Loading data for 2025-11-12 00:00:00
2025-12-26 12:05:57,064 - __main__ - INFO - Loading data for 2025-11-13 00:00:00
2025-12-26 12:05:58,099 - __main__ - INFO - Loading data for 2025-11-14 00:00:00
2025-12-26 12:05:59,068 - __main__ - INFO - Loading data for 2025-11-15 00:00:00
2025-12-26 12:06:00,253 - __main__ - INFO - Loading data for 2025-11-16 00:00:00
2025-12-26 12:06:01,289 - __main__ - INFO - Loading data for 2025-11-17 00:00:00
2025-12-26 12:06:02,280 - __main__ - INFO - Loading data for 2025-11-18 00:00:00
2025-12-26 12:06:03,324 - __main__ - INFO - Loading data for 2025-11-19 00:00:00
2025-12-26 12:06:04,432 - __main__ - INFO - Loading data for 2025-11-20 00:00:00
2025-12-26 12:06:05,676 - __main__ - INFO - Loading data for 2025-11-21 00:00:00
2025-12-26 12:06:06,814 - __main__ - INFO - Loading data for 2025-11-22 00:00:00
2025-12-26 12:06:07,830 - __main__ - INFO - Loading data for 2025-11-23 00:00:00
2025-12-26 12:06:08,798 - __main__ - INFO - Loading data for 2025-11-24 00:00:00
2025-12-26 12:06:09,771 - __main__ - INFO - Loading data for 2025-11-25 00:00:00
2025-12-26 12:06:10,800 - __main__ - INFO - Loading data for 2025-11-26 00:00:00
2025-12-26 12:06:11,820 - __main__ - INFO - Loading data for 2025-11-27 00:00:00
2025-12-26 12:06:12,847 - __main__ - INFO - Loading data for 2025-11-28 00:00:00
2025-12-26 12:06:13,952 - __main__ - INFO - Loading data for 2025-11-29 00:00:00
2025-12-26 12:06:14,939 - __main__ - INFO - Loading data for 2025-11-30 00:00:00
2025-12-26 12:06:16,024 - __main__ - INFO - Loading data for 2025-12-01 00:00:00
2025-12-26 12:06:17,046 - __main__ - INFO - Loading data for 2025-12-02 00:00:00
2025-12-26 12:06:18,075 - __main__ - INFO - Loading data for 2025-12-03 00:00:00
2025-12-26 12:06:19,202 - __main__ - INFO - Loading data for 2025-12-04 00:00:00
2025-12-26 12:06:20,580 - __main__ - INFO - Loading data for 2025-12-05 00:00:00
2025-12-26 12:06:21,655 - __main__ - INFO - Loading data for 2025-12-06 00:00:00
2025-12-26 12:06:22,611 - __main__ - INFO - Loading data for 2025-12-07 00:00:00
2025-12-26 12:06:23,692 - __main__ - INFO - Loading data for 2025-12-08 00:00:00
2025-12-26 12:06:24,680 - __main__ - INFO - Loading data for 2025-12-09 00:00:00
2025-12-26 12:06:25,749 - __main__ - INFO - Loading data for 2025-12-10 00:00:00
2025-12-26 12:06:26,754 - __main__ - INFO - Loading data for 2025-12-11 00:00:00
2025-12-26 12:06:27,794 - __main__ - INFO - Loading data for 2025-12-12 00:00:00
2025-12-26 12:06:28,793 - __main__ - INFO - Loading data for 2025-12-13 00:00:00
2025-12-26 12:06:29,873 - __main__ - INFO - Loading data for 2025-12-14 00:00:00
2025-12-26 12:06:30,860 - __main__ - INFO - Loading data for 2025-12-15 00:00:00
2025-12-26 12:06:32,221 - __main__ - INFO - Loading data for 2025-12-16 00:00:00
2025-12-26 12:06:33,327 - __main__ - INFO - Loading data for 2025-12-17 00:00:00
2025-12-26 12:06:34,283 - __main__ - INFO - Loading data for 2025-12-18 00:00:00
2025-12-26 12:06:35,244 - __main__ - INFO - Loading data for 2025-12-19 00:00:00
2025-12-26 12:06:36,604 - __main__ - INFO - Loading data for 2025-12-20 00:00:00
2025-12-26 12:06:37,728 - __main__ - INFO - Loading data for 2025-12-21 00:00:00
2025-12-26 12:06:39,064 - __main__ - INFO - Loading data for 2025-12-22 00:00:00
2025-12-26 12:06:40,187 - __main__ - INFO - Loading data for 2025-12-23 00:00:00
2025-12-26 12:06:41,212 - __main__ - INFO - Loading data for 2025-12-24 00:00:00
2025-12-26 12:06:42,195 - __main__ - INFO - Loading data for 2025-12-25 00:00:00
2025-12-26 12:06:43,566 - __main__ - INFO - Loading data for 2025-12-26 00:00:00
2025-12-26 12:08:08,623 - broker - INFO - Using PRODUCTION environment
2025-12-26 12:08:09,642 - __main__ - INFO - ============================================================
2025-12-26 12:08:37,280 - broker - INFO - Using PRODUCTION environment
2025-12-26 12:08:38,558 - __main__ - INFO - ============================================================
2025-12-26 12:09:21,094 - broker - INFO - Using PRODUCTION environment
2025-12-26 12:09:22,337 - __main__ - INFO - ============================================================
2025-12-26 12:09:42,489 - broker - INFO - Using PRODUCTION environment
2025-12-26 12:09:43,550 - __main__ - INFO - ============================================================
2025-12-26 12:16:34,857 - broker - INFO - Using PRODUCTION environment
2025-12-26 12:16:35,594 - __main__ - INFO - ============================================================
